\BOOKMARK [0][-]{chapter*.3}{\376\377\000A\000b\000s\000t\000r\000a\000c\000t}{}% 1
\BOOKMARK [0][-]{chapter*.4}{\376\377\000U\000i\000t\000t\000r\000e\000k\000s\000e\000l}{}% 2
\BOOKMARK [0][-]{chapter*.4}{\376\377\000T\000a\000b\000l\000e\000\040\000o\000f\000\040\000c\000o\000n\000t\000e\000n\000t\000s}{}% 3
\BOOKMARK [0][-]{chapter*.5}{\376\377\000L\000i\000s\000t\000\040\000o\000f\000\040\000f\000i\000g\000u\000r\000e\000s}{}% 4
\BOOKMARK [0][-]{chapter*.6}{\376\377\000L\000i\000s\000t\000\040\000o\000f\000\040\000t\000a\000b\000l\000e\000s}{}% 5
\BOOKMARK [0][-]{chapter*.8}{\376\377\000N\000o\000m\000e\000n\000c\000l\000a\000t\000u\000r\000e}{}% 6
\BOOKMARK [1][-]{section*.9}{\376\377\000A\000c\000r\000o\000n\000y\000m\000s\000\040\000a\000n\000d\000\040\000a\000b\000b\000r\000e\000v\000i\000a\000t\000i\000o\000n\000s}{chapter*.8}% 7
\BOOKMARK [1][-]{section*.10}{\376\377\000D\000e\000f\000i\000n\000i\000t\000i\000o\000n\000s}{chapter*.8}% 8
\BOOKMARK [0][-]{chapter.1}{\376\377\000I\000n\000t\000r\000o\000d\000u\000c\000t\000i\000o\000n}{}% 9
\BOOKMARK [1][-]{section.1.1}{\376\377\000B\000a\000c\000k\000g\000r\000o\000u\000n\000d}{chapter.1}% 10
\BOOKMARK [1][-]{section.1.2}{\376\377\000P\000r\000o\000b\000l\000e\000m\000\040\000S\000t\000a\000t\000e\000m\000e\000n\000t}{chapter.1}% 11
\BOOKMARK [1][-]{section.1.3}{\376\377\000O\000b\000j\000e\000c\000t\000i\000v\000e\000s}{chapter.1}% 12
\BOOKMARK [1][-]{section.1.4}{\376\377\000S\000c\000o\000p\000e}{chapter.1}% 13
\BOOKMARK [1][-]{section.1.5}{\376\377\000L\000a\000y\000o\000u\000t\000\040\000o\000f\000\040\000r\000e\000p\000o\000r\000t}{chapter.1}% 14
\BOOKMARK [0][-]{chapter.2}{\376\377\000L\000i\000t\000e\000r\000a\000t\000u\000r\000e}{}% 15
\BOOKMARK [1][-]{section.2.1}{\376\377\000D\000y\000n\000a\000m\000i\000c\000\040\000T\000i\000m\000e\000\040\000W\000a\000r\000p\000i\000n\000g}{chapter.2}% 16
\BOOKMARK [1][-]{section.2.2}{\376\377\000F\000e\000a\000t\000u\000r\000e\000\040\000E\000x\000t\000r\000a\000c\000t\000i\000o\000n\000\040\000M\000e\000t\000h\000o\000d\000s}{chapter.2}% 17
\BOOKMARK [2][-]{subsection.2.2.1}{\376\377\000S\000h\000o\000r\000t\000\040\000T\000i\000m\000e\000\040\000F\000o\000u\000r\000i\000e\000r\000\040\000T\000r\000a\000n\000s\000f\000o\000r\000m}{section.2.2}% 18
\BOOKMARK [2][-]{subsection.2.2.2}{\376\377\000M\000e\000l\000-\000F\000r\000e\000q\000u\000e\000n\000c\000y\000\040\000C\000e\000p\000s\000t\000r\000a\000l\000\040\000C\000o\000e\000f\000f\000i\000c\000i\000e\000n\000t\000s}{section.2.2}% 19
\BOOKMARK [2][-]{subsection.2.2.3}{\376\377\000L\000i\000n\000e\000a\000r\000\040\000P\000r\000e\000d\000i\000c\000t\000i\000v\000e\000\040\000C\000o\000d\000i\000n\000g}{section.2.2}% 20
\BOOKMARK [0][-]{chapter.3}{\376\377\000D\000a\000t\000a\000s\000e\000t}{}% 21
\BOOKMARK [1][-]{section.3.1}{\376\377\000B\000a\000c\000k\000g\000r\000o\000u\000n\000d}{chapter.3}% 22
\BOOKMARK [1][-]{section.3.2}{\376\377\000L\000a\000b\000e\000l\000i\000n\000g}{chapter.3}% 23
\BOOKMARK [1][-]{section.3.3}{\376\377\000D\000a\000t\000a\000\040\000S\000p\000l\000i\000t\000t\000i\000n\000g}{chapter.3}% 24
\BOOKMARK [2][-]{subsection.3.3.1}{\376\377\000T\000e\000m\000p\000l\000a\000t\000e\000\040\000S\000e\000l\000e\000c\000t\000i\000o\000n}{section.3.3}% 25
\BOOKMARK [2][-]{subsection.3.3.2}{\376\377\000H\000y\000p\000e\000r\000p\000a\000r\000a\000m\000e\000t\000e\000r\000\040\000T\000u\000n\000i\000n\000g\000\040\000T\000e\000m\000p\000l\000a\000t\000e\000\040\000S\000e\000l\000e\000c\000t\000i\000o\000n}{section.3.3}% 26
\BOOKMARK [2][-]{subsection.3.3.3}{\376\377\000E\000v\000a\000l\000u\000a\000t\000i\000o\000n\000\040\000D\000a\000t\000a\000\040\000S\000e\000l\000e\000c\000t\000i\000o\000n}{section.3.3}% 27
\BOOKMARK [0][-]{chapter.4}{\376\377\000S\000y\000s\000t\000e\000m\000\040\000D\000e\000s\000i\000g\000n}{}% 28
\BOOKMARK [1][-]{section.4.1}{\376\377\000O\000v\000e\000r\000v\000i\000e\000w}{chapter.4}% 29
\BOOKMARK [1][-]{section.4.2}{\376\377\000F\000e\000a\000t\000u\000r\000e\000\040\000E\000x\000t\000r\000a\000c\000t\000i\000o\000n\000\040\000M\000e\000t\000h\000o\000d\000s}{chapter.4}% 30
\BOOKMARK [2][-]{subsection.4.2.1}{\376\377\000S\000T\000F\000T}{section.4.2}% 31
\BOOKMARK [2][-]{subsection.4.2.2}{\376\377\000M\000F\000C\000C}{section.4.2}% 32
\BOOKMARK [2][-]{subsection.4.2.3}{\376\377\000L\000P\000C}{section.4.2}% 33
\BOOKMARK [1][-]{section.4.3}{\376\377\000D\000T\000W\000\040\000m\000e\000t\000h\000o\000d\000o\000l\000o\000g\000y}{chapter.4}% 34
\BOOKMARK [1][-]{section.4.4}{\376\377\000H\000y\000p\000e\000r\000p\000a\000r\000a\000m\000e\000t\000e\000r\000\040\000T\000u\000n\000i\000n\000g}{chapter.4}% 35
\BOOKMARK [1][-]{section.4.5}{\376\377\000T\000r\000a\000i\000n\000i\000n\000g\000\040\000P\000r\000o\000c\000e\000d\000u\000r\000e}{chapter.4}% 36
\BOOKMARK [1][-]{section.4.6}{\376\377\000E\000v\000a\000l\000u\000a\000t\000i\000o\000n\000\040\000M\000e\000t\000r\000i\000c\000s}{chapter.4}% 37
\BOOKMARK [0][-]{chapter.5}{\376\377\000R\000e\000s\000u\000l\000t\000s}{}% 38
\BOOKMARK [1][-]{section.5.1}{\376\377\000E\000x\000p\000e\000r\000i\000m\000e\000n\000t\000\040\0001\000:\000\040\000S\000T\000F\000T\000\040\000F\000e\000a\000t\000u\000r\000e\000s}{chapter.5}% 39
\BOOKMARK [2][-]{subsection.5.1.1}{\376\377\0005\000\040\000T\000e\000m\000p\000l\000a\000t\000e\000s}{section.5.1}% 40
\BOOKMARK [2][-]{subsection.5.1.2}{\376\377\0001\0000\000\040\000T\000e\000m\000p\000l\000a\000t\000e\000s}{section.5.1}% 41
\BOOKMARK [1][-]{section.5.2}{\376\377\000E\000x\000p\000e\000r\000i\000m\000e\000n\000t\000\040\0002\000:\000\040\000M\000F\000C\000C\000\040\000F\000e\000a\000t\000u\000r\000e\000s}{chapter.5}% 42
\BOOKMARK [2][-]{subsection.5.2.1}{\376\377\0005\000\040\000T\000e\000m\000p\000l\000a\000t\000e\000s}{section.5.2}% 43
\BOOKMARK [3][-]{subsubsection.5.2.1.1}{\376\377\000N\000o\000\040\000d\000e\000r\000i\000v\000a\000t\000i\000v\000e\000s}{subsection.5.2.1}% 44
\BOOKMARK [3][-]{subsubsection.5.2.1.2}{\376\377\000F\000i\000r\000s\000t\000\040\000d\000e\000r\000i\000v\000a\000t\000i\000v\000e}{subsection.5.2.1}% 45
\BOOKMARK [3][-]{subsubsection.5.2.1.3}{\376\377\000F\000i\000r\000s\000t\000\040\000a\000n\000d\000\040\000s\000e\000c\000o\000n\000d\000\040\000d\000e\000r\000i\000v\000a\000t\000i\000v\000e\000s}{subsection.5.2.1}% 46
\BOOKMARK [2][-]{subsection.5.2.2}{\376\377\0001\0000\000\040\000T\000e\000m\000p\000l\000a\000t\000e\000s}{section.5.2}% 47
\BOOKMARK [3][-]{subsubsection.5.2.2.1}{\376\377\000N\000o\000\040\000d\000e\000r\000i\000v\000a\000t\000i\000v\000e\000s}{subsection.5.2.2}% 48
\BOOKMARK [3][-]{subsubsection.5.2.2.2}{\376\377\000F\000i\000r\000s\000t\000\040\000d\000e\000r\000i\000v\000a\000t\000i\000v\000e}{subsection.5.2.2}% 49
\BOOKMARK [3][-]{subsubsection.5.2.2.3}{\376\377\000F\000i\000r\000s\000t\000\040\000a\000n\000d\000\040\000s\000e\000c\000o\000n\000d\000\040\000d\000e\000r\000i\000v\000a\000t\000i\000v\000e\000s}{subsection.5.2.2}% 50
\BOOKMARK [1][-]{section.5.3}{\376\377\000E\000x\000p\000e\000r\000i\000m\000e\000n\000t\000\040\0003\000:\000\040\000L\000P\000C\000\040\000F\000e\000a\000t\000u\000r\000e\000s}{chapter.5}% 51
\BOOKMARK [2][-]{subsection.5.3.1}{\376\377\0005\000\040\000T\000e\000m\000p\000l\000a\000t\000e\000s}{section.5.3}% 52
\BOOKMARK [2][-]{subsection.5.3.2}{\376\377\0001\0000\000\040\000T\000e\000m\000p\000l\000a\000t\000e\000s}{section.5.3}% 53
\BOOKMARK [0][-]{chapter.6}{\376\377\000C\000o\000n\000c\000l\000u\000s\000i\000o\000n}{}% 54
\BOOKMARK [0][-]{chapter*.31}{\376\377\000R\000e\000f\000e\000r\000e\000n\000c\000e\000s}{}% 55
\BOOKMARK [0][-]{appendix.A}{\376\377\000A\000p\000p\000e\000n\000d\000i\000x\000\040\000t\000i\000t\000l\000e\000\040\000g\000o\000e\000s\000\040\000h\000e\000r\000e}{}% 56
